Optimizing Linkage Editor (V.10.01.00.000)        07-Oct-2020 11:20:06

*** Options ***

-subcommand=E:\project_space\WorkSpace35\r8c35a_ensyu\uart0_printf\Debug\uart0_printf.m16cl
-noprelink
-nomessage
-list="E:\project_space\WorkSpace35\r8c35a_ensyu\uart0_printf\Debug\uart0_printf.map"
-show=symbol,total_size
-start=data_SE,bss_SE,data_SO,bss_SO,data_NE,bss_NE,data_NO,bss_NO,stack,istack,heap_NE/0400,rom_NE,rom_NO,data_SEI,data_SOI,data_NEI,data_NOI,switch_table,program,interrupt/08000,vector/0FED8
-nologo
-stack
-total_size
-input="E:\project_space\WorkSpace35\r8c35a_ensyu\uart0_printf\Debug\printf_lib.obj"
-input="E:\project_space\WorkSpace35\r8c35a_ensyu\uart0_printf\Debug\startup.obj"
-input="E:\project_space\WorkSpace35\r8c35a_ensyu\uart0_printf\Debug\uart0_printf_fft.obj"
-library="E:\project_space\WorkSpace35\r8c35a_ensyu\uart0_printf\Debug\uart0_printf.lib"
-output="E:\project_space\WorkSpace35\r8c35a_ensyu\uart0_printf\Debug\uart0_printf.abs"
-change_message=information=1100,1322,1410
-end

*** Error information ***

** L3300 (F) Cannot open file : "E:\project_space\WorkSpace35\r8c35a_ensyu\uart0_printf\Debug\uart0_printf_fft.obj"
